
===========================================================================
 report_power
============================================================================
======================= max_ff_n40C_1v95 Corner ===================================

Group                    Internal    Switching      Leakage        Total
                            Power        Power        Power        Power (Watts)
------------------------------------------------------------------------
Sequential           9.590958e-05 4.902271e-06 6.051324e-10 1.008125e-04  43.3%
Combinational        1.415657e-05 2.315088e-05 1.852279e-09 3.730931e-05  16.0%
Clock                5.988010e-05 3.498764e-05 8.882410e-10 9.486862e-05  40.7%
Macro                0.000000e+00 0.000000e+00 0.000000e+00 0.000000e+00   0.0%
Pad                  0.000000e+00 0.000000e+00 0.000000e+00 0.000000e+00   0.0%
------------------------------------------------------------------------
Total                1.699462e-04 6.304079e-05 3.345651e-09 2.329904e-04 100.0%
                            72.9%        27.1%         0.0%

