Clock: clk
Sources: clk 
Generated: no
Virtual: no
Propagated: no
Period: 20.000000

===========================================================================
report_clock_properties
============================================================================
Clock                   Period          Waveform
----------------------------------------------------
clk                  20.000000    0.000000 10.000000

===========================================================================
report_clock_latency
============================================================================
Clock clk
rise -> rise
    min     max
0.000000 0.000000 source latency
0.343146         network latency _292_/CLK
        0.343146 network latency _292_/CLK
---------------
0.343146 0.343146 latency
        0.000000 skew

fall -> fall
    min     max
0.000000 0.000000 source latency
0.195571         network latency _292_/CLK
        0.195571 network latency _292_/CLK
---------------
0.195571 0.195571 latency
        0.000000 skew



===========================================================================
report_clock_min_period
============================================================================
clk period_min = 6.23 fmax = 160.61
