
===========================================================================
 report_power
============================================================================
======================= nom_ff_n40C_1v95 Corner ===================================

Group                    Internal    Switching      Leakage        Total
                            Power        Power        Power        Power (Watts)
------------------------------------------------------------------------
Sequential           9.593877e-05 4.764553e-06 6.051324e-10 1.007039e-04  43.6%
Combinational        1.414497e-05 2.267273e-05 1.852279e-09 3.681956e-05  15.9%
Clock                5.985886e-05 3.381442e-05 8.882410e-10 9.367417e-05  40.5%
Macro                0.000000e+00 0.000000e+00 0.000000e+00 0.000000e+00   0.0%
Pad                  0.000000e+00 0.000000e+00 0.000000e+00 0.000000e+00   0.0%
------------------------------------------------------------------------
Total                1.699425e-04 6.125170e-05 3.345651e-09 2.311976e-04 100.0%
                            73.5%        26.5%         0.0%

