
===========================================================================
 report_power
============================================================================
======================= nom_ss_100C_1v60 Corner ===================================

Group                    Internal    Switching      Leakage        Total
                            Power        Power        Power        Power (Watts)
------------------------------------------------------------------------
Sequential           6.395457e-05 6.771079e-06 5.890240e-07 7.131467e-05  79.3%
Combinational        9.998484e-06 7.873144e-06 7.507277e-07 1.862236e-05  20.7%
Clock                0.000000e+00 0.000000e+00 0.000000e+00 0.000000e+00   0.0%
Macro                0.000000e+00 0.000000e+00 0.000000e+00 0.000000e+00   0.0%
Pad                  0.000000e+00 0.000000e+00 0.000000e+00 0.000000e+00   0.0%
------------------------------------------------------------------------
Total                7.395307e-05 1.464423e-05 1.339753e-06 8.993705e-05 100.0%
                            82.2%        16.3%         1.5%

