
===========================================================================
 report_power
============================================================================
======================= nom_tt_025C_1v80 Corner ===================================

Group                    Internal    Switching      Leakage        Total
                            Power        Power        Power        Power (Watts)
------------------------------------------------------------------------
Sequential           8.265180e-05 3.289740e-06 3.276453e-10 8.594187e-05  44.8%
Combinational        1.288220e-05 1.710408e-05 8.611253e-10 2.998714e-05  15.6%
Clock                5.211398e-05 2.364268e-05 2.270486e-10 7.575689e-05  39.5%
Macro                0.000000e+00 0.000000e+00 0.000000e+00 0.000000e+00   0.0%
Pad                  0.000000e+00 0.000000e+00 0.000000e+00 0.000000e+00   0.0%
------------------------------------------------------------------------
Total                1.476480e-04 4.403649e-05 1.415821e-09 1.916859e-04 100.0%
                            77.0%        23.0%         0.0%
Writing metric power__internal__total: 0.00014764796651434153
Writing metric power__switching__total: 4.403649290907197e-5
Writing metric power__leakage__total: 1.4158214600712427e-9
Writing metric power__total: 0.00019168587459716946

