Clock: clk
Sources: clk 
Generated: no
Virtual: yes
Propagated: no
Period: 20.000000

===========================================================================
report_clock_properties
============================================================================
Clock                   Period          Waveform
----------------------------------------------------
clk                  20.000000    0.000000 10.000000

===========================================================================
report_clock_latency
============================================================================
Clock clk
rise -> rise
    min     max
0.000000 0.000000 source latency
0.618378         network latency _322_/CLK
        0.625414 network latency _317_/CLK
---------------
0.618378 0.625414 latency
        0.007036 skew

fall -> fall
    min     max
0.000000 0.000000 source latency
0.603946         network latency _322_/CLK
        0.610084 network latency _317_/CLK
---------------
0.603946 0.610084 latency
        0.006137 skew



===========================================================================
report_clock_min_period
============================================================================
clk period_min = 6.07 fmax = 164.74
