
===========================================================================
 report_power
============================================================================
======================= max_ss_100C_1v60 Corner ===================================

Group                    Internal    Switching      Leakage        Total
                            Power        Power        Power        Power (Watts)
------------------------------------------------------------------------
Sequential           6.406920e-05 3.200176e-06 5.566295e-07 6.782601e-05  42.4%
Combinational        1.052562e-05 1.539928e-05 1.024842e-06 2.694975e-05  16.8%
Clock                4.274941e-05 2.237548e-05 1.191745e-07 6.524406e-05  40.8%
Macro                0.000000e+00 0.000000e+00 0.000000e+00 0.000000e+00   0.0%
Pad                  0.000000e+00 0.000000e+00 0.000000e+00 0.000000e+00   0.0%
------------------------------------------------------------------------
Total                1.173443e-04 4.097492e-05 1.700647e-06 1.600198e-04 100.0%
                            73.3%        25.6%         1.1%

