Clock: clk
Sources: clk 
Generated: no
Virtual: yes
Propagated: no
Period: 20.000000

===========================================================================
report_clock_properties
============================================================================
Clock                   Period          Waveform
----------------------------------------------------
clk                  20.000000    0.000000 10.000000

===========================================================================
report_clock_latency
============================================================================
Clock clk
rise -> rise
    min     max
0.000000 0.000000 source latency
0.310553         network latency _296_/CLK
        0.311734 network latency _294_/CLK
---------------
0.310553 0.311734 latency
        0.001181 skew

fall -> fall
    min     max
0.000000 0.000000 source latency
0.148557         network latency _296_/CLK
        0.149648 network latency _294_/CLK
---------------
0.148557 0.149648 latency
        0.001092 skew



===========================================================================
report_clock_min_period
============================================================================
clk period_min = 3.08 fmax = 324.75
