
===========================================================================
 report_power
============================================================================
======================= nom_tt_025C_1v80 Corner ===================================

Group                    Internal    Switching      Leakage        Total
                            Power        Power        Power        Power (Watts)
------------------------------------------------------------------------
Sequential           8.312064e-05 9.307757e-06 3.333240e-10 9.242873e-05  79.7%
Combinational        1.228088e-05 1.119242e-05 5.921131e-10 2.347389e-05  20.3%
Clock                0.000000e+00 0.000000e+00 1.490417e-10 1.490417e-10   0.0%
Macro                0.000000e+00 0.000000e+00 0.000000e+00 0.000000e+00   0.0%
Pad                  0.000000e+00 0.000000e+00 0.000000e+00 0.000000e+00   0.0%
------------------------------------------------------------------------
Total                9.540150e-05 2.050018e-05 1.074481e-09 1.159028e-04 100.0%
                            82.3%        17.7%         0.0%
Writing metric power__internal__total: 9.540150495013222e-5
Writing metric power__switching__total: 2.0500179743976332e-5
Writing metric power__leakage__total: 1.0744805045703743e-9
Writing metric power__total: 0.00011590275971684605

