
===========================================================================
 report_power
============================================================================
======================= nom_tt_025C_1v80 Corner ===================================

Group                    Internal    Switching      Leakage        Total
                            Power        Power        Power        Power (Watts)
------------------------------------------------------------------------
Sequential           8.251308e-05 3.990484e-06 3.276453e-10 8.650389e-05  43.4%
Combinational        1.290785e-05 1.917805e-05 8.611252e-10 3.208677e-05  16.1%
Clock                5.227417e-05 2.835285e-05 5.089334e-10 8.062753e-05  40.5%
Macro                0.000000e+00 0.000000e+00 0.000000e+00 0.000000e+00   0.0%
Pad                  0.000000e+00 0.000000e+00 0.000000e+00 0.000000e+00   0.0%
------------------------------------------------------------------------
Total                1.476951e-04 5.152137e-05 1.697705e-09 1.992182e-04 100.0%
                            74.1%        25.9%         0.0%

