Clock: clk
Sources: clk 
Generated: no
Virtual: yes
Propagated: no
Period: 20.000000

===========================================================================
report_clock_properties
============================================================================
Clock                   Period          Waveform
----------------------------------------------------
clk                  20.000000    0.000000 10.000000

===========================================================================
report_clock_latency
============================================================================
Clock clk
rise -> rise
    min     max
0.000000 0.000000 source latency
0.358109         network latency _322_/CLK
        0.362510 network latency _317_/CLK
---------------
0.358109 0.362510 latency
        0.004401 skew

fall -> fall
    min     max
0.000000 0.000000 source latency
0.339119         network latency _322_/CLK
        0.342651 network latency _317_/CLK
---------------
0.339119 0.342651 latency
        0.003532 skew



===========================================================================
report_clock_min_period
============================================================================
clk period_min = 2.94 fmax = 340.29
