
===========================================================================
 report_power
============================================================================
======================= nom_ss_100C_1v60 Corner ===================================

Group                    Internal    Switching      Leakage        Total
                            Power        Power        Power        Power (Watts)
------------------------------------------------------------------------
Sequential           6.410073e-05 3.107457e-06 5.566295e-07 6.776482e-05  42.7%
Combinational        1.052438e-05 1.507736e-05 1.024842e-06 2.662659e-05  16.8%
Clock                4.268896e-05 2.158561e-05 1.191745e-07 6.439375e-05  40.6%
Macro                0.000000e+00 0.000000e+00 0.000000e+00 0.000000e+00   0.0%
Pad                  0.000000e+00 0.000000e+00 0.000000e+00 0.000000e+00   0.0%
------------------------------------------------------------------------
Total                1.173141e-04 3.977044e-05 1.700647e-06 1.587852e-04 100.0%
                            73.9%        25.0%         1.1%

