Clock: clk
Sources: clk 
Generated: no
Virtual: no
Propagated: no
Period: 20.000000

===========================================================================
report_clock_properties
============================================================================
Clock                   Period          Waveform
----------------------------------------------------
clk                  20.000000    0.000000 10.000000

===========================================================================
report_clock_latency
============================================================================
Clock clk
rise -> rise
    min     max
0.000000 0.000000 source latency
0.182788         network latency _292_/CLK
        0.182788 network latency _292_/CLK
---------------
0.182788 0.182788 latency
        0.000000 skew

fall -> fall
    min     max
0.000000 0.000000 source latency
0.076983         network latency _292_/CLK
        0.076983 network latency _292_/CLK
---------------
0.076983 0.076983 latency
        0.000000 skew



===========================================================================
report_clock_min_period
============================================================================
clk period_min = 1.87 fmax = 533.78
