Clock: clk
Sources: clk 
Generated: no
Virtual: yes
Propagated: no
Period: 20.000000

===========================================================================
report_clock_properties
============================================================================
Clock                   Period          Waveform
----------------------------------------------------
clk                  20.000000    0.000000 10.000000

===========================================================================
report_clock_latency
============================================================================
Clock clk
rise -> rise
    min     max
0.000000 0.000000 source latency
0.328279         network latency _321_/CLK
        0.330635 network latency _315_/CLK
---------------
0.328279 0.330635 latency
        0.002356 skew

fall -> fall
    min     max
0.000000 0.000000 source latency
0.320441         network latency _321_/CLK
        0.322676 network latency _315_/CLK
---------------
0.320441 0.322676 latency
        0.002235 skew



===========================================================================
report_clock_min_period
============================================================================
clk period_min = 2.86 fmax = 350.07
