
===========================================================================
 report_power
============================================================================
======================= nom_tt_025C_1v80 Corner ===================================

Group                    Internal    Switching      Leakage        Total
                            Power        Power        Power        Power (Watts)
------------------------------------------------------------------------
Sequential           8.259123e-05 3.694639e-06 3.276453e-10 8.628619e-05  44.2%
Combinational        1.292033e-05 1.849474e-05 8.611253e-10 3.141594e-05  16.1%
Clock                5.218870e-05 2.533288e-05 2.270486e-10 7.752180e-05  39.7%
Macro                0.000000e+00 0.000000e+00 0.000000e+00 0.000000e+00   0.0%
Pad                  0.000000e+00 0.000000e+00 0.000000e+00 0.000000e+00   0.0%
------------------------------------------------------------------------
Total                1.477003e-04 4.752225e-05 1.415821e-09 1.952240e-04 100.0%
                            75.7%        24.3%         0.0%
Writing metric power__internal__total: 0.00014770029520150274
Writing metric power__switching__total: 4.752225140691735e-5
Writing metric power__leakage__total: 1.4158214600712427e-9
Writing metric power__total: 0.00019522395450621843

