
===========================================================================
report_checks -unconstrained
===========================================================================
======================= nom_tt_025C_1v80 Corner ===================================

Startpoint: rst (input port clocked by clk)
Endpoint: _292_ (rising edge-triggered flip-flop clocked by clk)
Path Group: clk
Path Type: max

Fanout         Cap        Slew       Delay        Time   Description
---------------------------------------------------------------------------------------------
                      0.150000    0.000000    0.000000   clock clk (rise edge)
                                  0.000000    0.000000   clock network delay (ideal)
                                  4.000000    4.000000 ^ input external delay
    17    0.055345    0.256097    0.174839    4.174839 ^ rst (in)
                                                         rst (net)
                      0.256097    0.000000    4.174839 ^ _149_/A (sky130_fd_sc_hd__inv_2)
    27    0.060942    0.159905    0.198058    4.372897 v _149_/Y (sky130_fd_sc_hd__inv_2)
                                                         _140_ (net)
                      0.159905    0.000000    4.372897 v _183_/A (sky130_fd_sc_hd__and2_2)
     2    0.003859    0.040353    0.218555    4.591453 v _183_/X (sky130_fd_sc_hd__and2_2)
                                                         _063_ (net)
                      0.040353    0.000000    4.591453 v _191_/A2 (sky130_fd_sc_hd__o31a_2)
     1    0.002195    0.048853    0.308360    4.899813 v _191_/X (sky130_fd_sc_hd__o31a_2)
                                                         _067_ (net)
                      0.048853    0.000000    4.899813 v _194_/B1 (sky130_fd_sc_hd__a211o_2)
     1    0.001681    0.042899    0.290585    5.190399 v _194_/X (sky130_fd_sc_hd__a211o_2)
                                                         _000_ (net)
                      0.042899    0.000000    5.190399 v _292_/D (sky130_fd_sc_hd__dfxtp_2)
                                              5.190399   data arrival time

                      0.150000   20.000000   20.000000   clock clk (rise edge)
                                  0.000000   20.000000   clock network delay (ideal)
                                 -0.250000   19.750002   clock uncertainty
                                  0.000000   19.750002   clock reconvergence pessimism
                                             19.750002 ^ _292_/CLK (sky130_fd_sc_hd__dfxtp_2)
                                 -0.087442   19.662560   library setup time
                                             19.662560   data required time
---------------------------------------------------------------------------------------------
                                             19.662560   data required time
                                             -5.190399   data arrival time
---------------------------------------------------------------------------------------------
                                             14.472161   slack (MET)




===========================================================================
report_checks --slack_max -0.01
============================================================================
======================= nom_tt_025C_1v80 Corner ===================================

No paths found.


===========================================================================
 report_check_types -max_slew -max_cap -max_fanout -violators
============================================================================
======================= nom_tt_025C_1v80 Corner ===================================

max fanout

Pin                                   Limit Fanout  Slack
---------------------------------------------------------
_149_/Y                                  10     27    -17 (VIOLATED)
rst                                      10     17     -7 (VIOLATED)
_314_/Q                                  10     12     -2 (VIOLATED)
_166_/X                                  10     11        (VIOLATED)



===========================================================================
report_parasitic_annotation -report_unannotated
============================================================================
Found 204 unannotated drivers.
 clk
 mem_dout[0]
 mem_dout[1]
 mem_dout[2]
 mem_dout[3]
 mem_dout[4]
 mem_dout[5]
 mem_dout[6]
 mem_dout[7]
 rst
 start
 _146_/Y
 _147_/Y
 _148_/Y
 _149_/Y
 _150_/X
 _151_/Y
 _152_/X
 _153_/X
 _154_/Y
 _155_/Y
 _156_/X
 _157_/X
 _158_/Y
 _159_/Y
 _160_/X
 _161_/Y
 _162_/X
 _163_/X
 _164_/Y
 _165_/Y
 _166_/X
 _167_/X
 _168_/X
 _169_/Y
 _170_/X
 _171_/X
 _172_/X
 _173_/X
 _174_/Y
 _175_/Y
 _176_/X
 _177_/X
 _178_/X
 _179_/X
 _180_/X
 _181_/Y
 _182_/X
 _183_/X
 _184_/X
 _185_/Y
 _186_/X
 _187_/X
 _188_/X
 _189_/X
 _190_/Y
 _191_/X
 _192_/X
 _193_/X
 _194_/X
 _195_/X
 _196_/X
 _197_/X
 _198_/X
 _199_/X
 _200_/X
 _201_/Y
 _202_/Y
 _203_/X
 _204_/X
 _205_/X
 _206_/X
 _207_/X
 _208_/X
 _209_/X
 _210_/X
 _211_/X
 _212_/X
 _213_/X
 _214_/X
 _215_/X
 _216_/X
 _217_/X
 _218_/X
 _219_/X
 _220_/X
 _221_/X
 _222_/Y
 _223_/X
 _224_/X
 _225_/X
 _226_/X
 _227_/X
 _228_/X
 _229_/Y
 _230_/Y
 _231_/Y
 _232_/X
 _233_/X
 _234_/Y
 _235_/Y
 _236_/Y
 _237_/X
 _238_/X
 _239_/Y
 _240_/X
 _241_/X
 _242_/X
 _243_/Y
 _244_/Y
 _245_/X
 _246_/X
 _247_/X
 _248_/Y
 _249_/X
 _250_/X
 _251_/X
 _252_/X
 _253_/Y
 _254_/Y
 _255_/X
 _256_/Y
 _257_/Y
 _258_/X
 _259_/Y
 _260_/X
 _261_/X
 _262_/X
 _263_/Y
 _264_/X
 _265_/X
 _266_/Y
 _267_/X
 _268_/X
 _269_/Y
 _270_/X
 _271_/X
 _272_/X
 _273_/X
 _274_/X
 _275_/Y
 _276_/X
 _277_/X
 _278_/X
 _279_/X
 _280_/X
 _281_/X
 _282_/X
 _283_/X
 _284_/X
 _285_/X
 _286_/X
 _287_/X
 _288_/X
 _289_/X
 _290_/X
 _291_/X
 _292_/Q
 _293_/Q
 _294_/Q
 _295_/Q
 _296_/Q
 _297_/Q
 _298_/Q
 _299_/Q
 _300_/Q
 _301_/Q
 _302_/Q
 _303_/Q
 _304_/Q
 _305_/Q
 _306_/Q
 _307_/Q
 _308_/Q
 _309_/Q
 _310_/Q
 _311_/Q
 _312_/Q
 _313_/Q
 _314_/Q
 _315_/Q
 _316_/Q
 _317_/Q
 _318_/Q
 _319_/Q
 _320_/Q
 _321_/Q
 _322_/Q
 _323_/Q
 _324_/Q
 _325_/Q
 _326_/Q
 _327_/Q
 _328_/Q
 _329_/Q
 _330_/Q
 _331_/Q
 _332_/X
 _333_/X
 _334_/X
 _335_/X
 _336_/X
 _337_/X
 _338_/X
Found 0 partially unannotated drivers.

===========================================================================
max slew violation count 0
max fanout violation count 4
max cap violation count 0
============================================================================

===========================================================================
check_setup -verbose -unconstrained_endpoints -multiple_clock -no_clock -no_input_delay -loops -generated_clocks
===========================================================================
