Clock: clk
Sources: clk 
Generated: no
Virtual: no
Propagated: no
Period: 20.000000

===========================================================================
report_clock_properties
============================================================================
Clock                   Period          Waveform
----------------------------------------------------
clk                  20.000000    0.000000 10.000000

===========================================================================
report_clock_latency
============================================================================
Clock clk
rise -> rise
    min     max
0.000000 0.000000 source latency
0.235362         network latency _292_/CLK
        0.235362 network latency _292_/CLK
---------------
0.235362 0.235362 latency
        0.000000 skew

fall -> fall
    min     max
0.000000 0.000000 source latency
0.109121         network latency _292_/CLK
        0.109121 network latency _292_/CLK
---------------
0.109121 0.109121 latency
        0.000000 skew



===========================================================================
report_clock_min_period
============================================================================
clk period_min = 2.98 fmax = 336.04
