
===========================================================================
 report_power
============================================================================
======================= nom_tt_025C_1v80 Corner ===================================

Group                    Internal    Switching      Leakage        Total
                            Power        Power        Power        Power (Watts)
------------------------------------------------------------------------
Sequential           8.291758e-05 8.610600e-06 3.333240e-10 9.152852e-05  80.4%
Combinational        1.225119e-05 1.001553e-05 5.921131e-10 2.226732e-05  19.6%
Clock                0.000000e+00 0.000000e+00 0.000000e+00 0.000000e+00   0.0%
Macro                0.000000e+00 0.000000e+00 0.000000e+00 0.000000e+00   0.0%
Pad                  0.000000e+00 0.000000e+00 0.000000e+00 0.000000e+00   0.0%
------------------------------------------------------------------------
Total                9.516878e-05 1.862613e-05 9.254371e-10 1.137958e-04 100.0%
                            83.6%        16.4%         0.0%

