
===========================================================================
 report_power
============================================================================
======================= min_ss_100C_1v60 Corner ===================================

Group                    Internal    Switching      Leakage        Total
                            Power        Power        Power        Power (Watts)
------------------------------------------------------------------------
Sequential           6.413256e-05 2.995891e-06 5.566295e-07 6.768508e-05  43.0%
Combinational        1.052213e-05 1.473935e-05 1.024842e-06 2.628633e-05  16.7%
Clock                4.262942e-05 2.081876e-05 1.191745e-07 6.356736e-05  40.4%
Macro                0.000000e+00 0.000000e+00 0.000000e+00 0.000000e+00   0.0%
Pad                  0.000000e+00 0.000000e+00 0.000000e+00 0.000000e+00   0.0%
------------------------------------------------------------------------
Total                1.172841e-04 3.855401e-05 1.700647e-06 1.575388e-04 100.0%
                            74.4%        24.5%         1.1%

