                                                                       Cells by Function                                                                        
┏━━━━━━━━━━━━━━━━━━━━━━━━━━━━━━━━━━━━━━━━━━━━━━━━━━━━━━━━━━━━━━━━━━━━━━━━━━━━━━━━━━━━━━━━━━━━━━━━━━━━━━━━━━━━━━━━━━━━━━━━━━━━━━━━┳━━━━━━━━━━━━━━━━━━━━━━━━━━━━━┓
┃ Cell Function                                                                                                                  ┃ Count                       ┃
┡━━━━━━━━━━━━━━━━━━━━━━━━━━━━━━━━━━━━━━━━━━━━━━━━━━━━━━━━━━━━━━━━━━━━━━━━━━━━━━━━━━━━━━━━━━━━━━━━━━━━━━━━━━━━━━━━━━━━━━━━━━━━━━━━╇━━━━━━━━━━━━━━━━━━━━━━━━━━━━━┩
│ sky130_ef_sc_hd__decap                                                                                                         │ 29                          │
│ sky130_fd_sc_hd__a211o                                                                                                         │ 2                           │
│ sky130_fd_sc_hd__a21bo                                                                                                         │ 2                           │
│ sky130_fd_sc_hd__a21o                                                                                                          │ 20                          │
│ sky130_fd_sc_hd__a21oi                                                                                                         │ 4                           │
│ sky130_fd_sc_hd__a22o                                                                                                          │ 3                           │
│ sky130_fd_sc_hd__a2bb2o                                                                                                        │ 2                           │
│ sky130_fd_sc_hd__a311oi                                                                                                        │ 1                           │
│ sky130_fd_sc_hd__a31o                                                                                                          │ 4                           │
│ sky130_fd_sc_hd__a32o                                                                                                          │ 7                           │
│ sky130_fd_sc_hd__and2                                                                                                          │ 8                           │
│ sky130_fd_sc_hd__and2b                                                                                                         │ 1                           │
│ sky130_fd_sc_hd__and3                                                                                                          │ 4                           │
│ sky130_fd_sc_hd__and4                                                                                                          │ 4                           │
│ sky130_fd_sc_hd__buf                                                                                                           │ 35                          │
│ sky130_fd_sc_hd__clkbuf                                                                                                        │ 26                          │
│ sky130_fd_sc_hd__decap                                                                                                         │ 133                         │
│ sky130_fd_sc_hd__dfxtp                                                                                                         │ 40                          │
│ sky130_fd_sc_hd__dlygate4sd3                                                                                                   │ 26                          │
│ sky130_fd_sc_hd__fill                                                                                                          │ 91                          │
│ sky130_fd_sc_hd__inv                                                                                                           │ 5                           │
│ sky130_fd_sc_hd__mux2                                                                                                          │ 1                           │
│ sky130_fd_sc_hd__nand2                                                                                                         │ 10                          │
│ sky130_fd_sc_hd__nand2b                                                                                                        │ 2                           │
│ sky130_fd_sc_hd__nand3                                                                                                         │ 3                           │
│ sky130_fd_sc_hd__nor2                                                                                                          │ 6                           │
│ sky130_fd_sc_hd__nor3                                                                                                          │ 1                           │
│ sky130_fd_sc_hd__o211a                                                                                                         │ 12                          │
│ sky130_fd_sc_hd__o21ai                                                                                                         │ 5                           │
│ sky130_fd_sc_hd__o21ba                                                                                                         │ 1                           │
│ sky130_fd_sc_hd__o221a                                                                                                         │ 8                           │
│ sky130_fd_sc_hd__o22a                                                                                                          │ 1                           │
│ sky130_fd_sc_hd__o311a                                                                                                         │ 2                           │
│ sky130_fd_sc_hd__o31a                                                                                                          │ 2                           │
│ sky130_fd_sc_hd__or2                                                                                                           │ 13                          │
│ sky130_fd_sc_hd__or3                                                                                                           │ 4                           │
│ sky130_fd_sc_hd__or4                                                                                                           │ 5                           │
│ sky130_fd_sc_hd__tapvpwrvgnd                                                                                                   │ 50                          │
│ sky130_fd_sc_hd__xnor2                                                                                                         │ 3                           │
└────────────────────────────────────────────────────────────────────────────────────────────────────────────────────────────────┴─────────────────────────────┘
