
===========================================================================
 report_power
============================================================================
======================= nom_tt_025C_1v80 Corner ===================================

Group                    Internal    Switching      Leakage        Total
                            Power        Power        Power        Power (Watts)
------------------------------------------------------------------------
Sequential           8.266429e-05 3.378707e-06 3.276453e-10 8.604332e-05  45.3%
Combinational        1.170312e-05 1.678873e-05 7.418409e-10 2.849260e-05  15.0%
Clock                5.209429e-05 2.343878e-05 2.270486e-10 7.553329e-05  39.7%
Macro                0.000000e+00 0.000000e+00 0.000000e+00 0.000000e+00   0.0%
Pad                  0.000000e+00 0.000000e+00 0.000000e+00 0.000000e+00   0.0%
------------------------------------------------------------------------
Total                1.464617e-04 4.360621e-05 1.296538e-09 1.900692e-04 100.0%
                            77.1%        22.9%         0.0%
Writing metric power__internal__total: 0.0001464617089368403
Writing metric power__switching__total: 4.3606214603642e-5
Writing metric power__leakage__total: 1.2965376550155838e-9
Writing metric power__total: 0.00019006921502295882

