
===========================================================================
 report_power
============================================================================
======================= min_ff_n40C_1v95 Corner ===================================

Group                    Internal    Switching      Leakage        Total
                            Power        Power        Power        Power (Watts)
------------------------------------------------------------------------
Sequential           9.596488e-05 4.598837e-06 6.051324e-10 1.005643e-04  43.8%
Combinational        1.413288e-05 2.217065e-05 1.852279e-09 3.630538e-05  15.8%
Clock                5.983063e-05 3.267538e-05 8.882410e-10 9.250689e-05  40.3%
Macro                0.000000e+00 0.000000e+00 0.000000e+00 0.000000e+00   0.0%
Pad                  0.000000e+00 0.000000e+00 0.000000e+00 0.000000e+00   0.0%
------------------------------------------------------------------------
Total                1.699284e-04 5.944485e-05 3.345651e-09 2.293766e-04 100.0%
                            74.1%        25.9%         0.0%

